I'm sorry, but errors were detected in your script. Please correct the
errors listed below, and try again.


File "game/script.rpy", line 269: expected statement.
    33
      ^

Ren'Py Version: Ren'Py 8.0.3.22090809
Tue May 23 00:03:28 2023
